Command line invocation:
    /Applications/Xcode.app/Contents/Developer/usr/bin/xcodebuild -project "Mac Time.xcodeproj" -scheme "Mac Time" -configuration Release build

2026-06-05 17:24:06.649 xcodebuild[9030:11194170]  DVTDeviceOperation: Encountered a build number "" that is incompatible with DVTBuildVersion.
Resolve Package Graph
2026-06-05 17:24:06.737 xcodebuild[9030:11194140] [MT] DVTDeviceOperation: Encountered a build number "" that is incompatible with DVTBuildVersion.


Resolved source packages:
  SQLite.swift: https://github.com/stephencelis/SQLite.swift.git @ 0.15.4
  swift-toolchain-sqlite: https://github.com/swiftlang/swift-toolchain-sqlite @ 1.0.4

2026-06-05 17:24:07.570 xcodebuild[9030:11194140] [MT] IDERunDestination: Supported platforms for the buildables in the current scheme is empty.
--- xcodebuild: WARNING: Using the first of multiple matching destinations:
{ platform:macOS, arch:arm64, id:00008132-000A09183E03001C, name:My Mac }
{ platform:macOS, arch:x86_64, id:00008132-000A09183E03001C, name:My Mac }
{ platform:macOS, name:Any Mac }
ComputePackagePrebuildTargetDependencyGraph

Prepare packages

CreateBuildRequest

SendProjectDescription

CreateBuildOperation

ComputeTargetDependencyGraph
note: Building targets in dependency order
note: Target dependency graph (3 targets)
    Target 'Mac Time' in project 'Mac Time'
        ➜ Explicit dependency on target 'SQLite' in project 'SQLite.swift'
    Target 'SQLite' in project 'SQLite.swift'
        ➜ Explicit dependency on target 'SQLite' in project 'SQLite.swift'
    Target 'SQLite' in project 'SQLite.swift' (no dependencies)

GatherProvisioningInputs

CreateBuildDescription

ExecuteExternalTool /Applications/Xcode.app/Contents/Developer/Toolchains/XcodeDefault.xctoolchain/usr/bin/clang -v -E -dM -isysroot /Applications/Xcode.app/Contents/Developer/Platforms/MacOSX.platform/Developer/SDKs/MacOSX26.0.sdk -x c -c /dev/null

ExecuteExternalTool /Applications/Xcode.app/Contents/Developer/usr/bin/actool --version --output-format xml1

ExecuteExternalTool /Applications/Xcode.app/Contents/Developer/Toolchains/XcodeDefault.xctoolchain/usr/bin/swiftc --version

ExecuteExternalTool /Applications/Xcode.app/Contents/Developer/usr/bin/xcstringstool compile --dry-run --output-directory /Users/by/Library/Developer/Xcode/DerivedData/Mac_Time-cdltvsksmtwtfigvfkfcuppbaldr/Build/Intermediates.noindex/Mac Time.build/Release/Mac Time.build /Users/by/Dev/macos/Mac Time/Mac Time/Localizable.xcstrings

ExecuteExternalTool /Applications/Xcode.app/Contents/Developer/Toolchains/XcodeDefault.xctoolchain/usr/bin/ld -version_details

Build description signature: 46b777171b3c127bf7ed68021f3dd565
Build description path: /Users/by/Library/Developer/Xcode/DerivedData/Mac_Time-cdltvsksmtwtfigvfkfcuppbaldr/Build/Intermediates.noindex/XCBuildData/46b777171b3c127bf7ed68021f3dd565.xcbuilddata
ClangStatCache /Applications/Xcode.app/Contents/Developer/Toolchains/XcodeDefault.xctoolchain/usr/bin/clang-stat-cache /Applications/Xcode.app/Contents/Developer/Platforms/MacOSX.platform/Developer/SDKs/MacOSX26.0.sdk /Users/by/Library/Developer/Xcode/DerivedData/SDKStatCaches.noindex/macosx26.0-25A352-28806144b0707e398aac92880fa50324.sdkstatcache
    cd /Users/by/Dev/macos/Mac\ Time/Mac\ Time.xcodeproj
    /Applications/Xcode.app/Contents/Developer/Toolchains/XcodeDefault.xctoolchain/usr/bin/clang-stat-cache /Applications/Xcode.app/Contents/Developer/Platforms/MacOSX.platform/Developer/SDKs/MacOSX26.0.sdk -o /Users/by/Library/Developer/Xcode/DerivedData/SDKStatCaches.noindex/macosx26.0-25A352-28806144b0707e398aac92880fa50324.sdkstatcache

ProcessProductPackaging "" /Users/by/Library/Developer/Xcode/DerivedData/Mac_Time-cdltvsksmtwtfigvfkfcuppbaldr/Build/Intermediates.noindex/Mac\ Time.build/Release/Mac\ Time.build/Mac\ Time.app.xcent (in target 'Mac Time' from project 'Mac Time')
    cd /Users/by/Dev/macos/Mac\ Time
    
    Entitlements:
    
    {
    "com.apple.security.files.user-selected.read-only" = 1;
    "com.apple.security.get-task-allow" = 1;
}
    
    builtin-productPackagingUtility -entitlements -format xml -o /Users/by/Library/Developer/Xcode/DerivedData/Mac_Time-cdltvsksmtwtfigvfkfcuppbaldr/Build/Intermediates.noindex/Mac\ Time.build/Release/Mac\ Time.build/Mac\ Time.app.xcent

ProcessProductPackagingDER /Users/by/Library/Developer/Xcode/DerivedData/Mac_Time-cdltvsksmtwtfigvfkfcuppbaldr/Build/Intermediates.noindex/Mac\ Time.build/Release/Mac\ Time.build/Mac\ Time.app.xcent /Users/by/Library/Developer/Xcode/DerivedData/Mac_Time-cdltvsksmtwtfigvfkfcuppbaldr/Build/Intermediates.noindex/Mac\ Time.build/Release/Mac\ Time.build/Mac\ Time.app.xcent.der (in target 'Mac Time' from project 'Mac Time')
    cd /Users/by/Dev/macos/Mac\ Time
    /usr/bin/derq query -f xml -i /Users/by/Library/Developer/Xcode/DerivedData/Mac_Time-cdltvsksmtwtfigvfkfcuppbaldr/Build/Intermediates.noindex/Mac\ Time.build/Release/Mac\ Time.build/Mac\ Time.app.xcent -o /Users/by/Library/Developer/Xcode/DerivedData/Mac_Time-cdltvsksmtwtfigvfkfcuppbaldr/Build/Intermediates.noindex/Mac\ Time.build/Release/Mac\ Time.build/Mac\ Time.app.xcent.der --raw

SwiftDriver Mac\ Time normal arm64 com.apple.xcode.tools.swift.compiler (in target 'Mac Time' from project 'Mac Time')
    cd /Users/by/Dev/macos/Mac\ Time
    builtin-SwiftDriver -- /Applications/Xcode.app/Contents/Developer/Toolchains/XcodeDefault.xctoolchain/usr/bin/swiftc -module-name Mac_Time -O -whole-module-optimization -enforce-exclusivity\=checked @/Users/by/Library/Developer/Xcode/DerivedData/Mac_Time-cdltvsksmtwtfigvfkfcuppbaldr/Build/Intermediates.noindex/Mac\ Time.build/Release/Mac\ Time.build/Objects-normal/arm64/Mac\ Time.SwiftFileList -default-isolation\=MainActor -enable-bare-slash-regex -enable-upcoming-feature DisableOutwardActorInference -enable-upcoming-feature InferSendableFromCaptures -enable-upcoming-feature GlobalActorIsolatedTypesUsability -enable-upcoming-feature MemberImportVisibility -enable-upcoming-feature InferIsolatedConformances -enable-upcoming-feature NonisolatedNonsendingByDefault -enable-experimental-feature DebugDescriptionMacro -sdk /Applications/Xcode.app/Contents/Developer/Platforms/MacOSX.platform/Developer/SDKs/MacOSX26.0.sdk -target arm64-apple-macos26.0 -g -module-cache-path /Users/by/Library/Developer/Xcode/DerivedData/ModuleCache.noindex -Xfrontend -serialize-debugging-options -profile-coverage-mapping -profile-generate -swift-version 5 -I /Users/by/Library/Developer/Xcode/DerivedData/Mac_Time-cdltvsksmtwtfigvfkfcuppbaldr/Build/Products/Release -F /Users/by/Library/Developer/Xcode/DerivedData/Mac_Time-cdltvsksmtwtfigvfkfcuppbaldr/Build/Products/Release/PackageFrameworks -F /Users/by/Library/Developer/Xcode/DerivedData/Mac_Time-cdltvsksmtwtfigvfkfcuppbaldr/Build/Products/Release -emit-localized-strings -emit-localized-strings-path /Users/by/Library/Developer/Xcode/DerivedData/Mac_Time-cdltvsksmtwtfigvfkfcuppbaldr/Build/Intermediates.noindex/Mac\ Time.build/Release/Mac\ Time.build/Objects-normal/arm64 -c -num-threads 10 -Xcc -ivfsstatcache -Xcc /Users/by/Library/Developer/Xcode/DerivedData/SDKStatCaches.noindex/macosx26.0-25A352-28806144b0707e398aac92880fa50324.sdkstatcache -output-file-map /Users/by/Library/Developer/Xcode/DerivedData/Mac_Time-cdltvsksmtwtfigvfkfcuppbaldr/Build/Intermediates.noindex/Mac\ Time.build/Release/Mac\ Time.build/Objects-normal/arm64/Mac\ Time-OutputFileMap.json -use-frontend-parseable-output -save-temps -no-color-diagnostics -explicit-module-build -module-cache-path /Users/by/Library/Developer/Xcode/DerivedData/Mac_Time-cdltvsksmtwtfigvfkfcuppbaldr/Build/Intermediates.noindex/SwiftExplicitPrecompiledModules -clang-scanner-module-cache-path /Users/by/Library/Developer/Xcode/DerivedData/ModuleCache.noindex -sdk-module-cache-path /Users/by/Library/Developer/Xcode/DerivedData/ModuleCache.noindex -serialize-diagnostics -emit-dependencies -emit-module -emit-module-path /Users/by/Library/Developer/Xcode/DerivedData/Mac_Time-cdltvsksmtwtfigvfkfcuppbaldr/Build/Intermediates.noindex/Mac\ Time.build/Release/Mac\ Time.build/Objects-normal/arm64/Mac_Time.swiftmodule -validate-clang-modules-once -clang-build-session-file /Users/by/Library/Developer/Xcode/DerivedData/ModuleCache.noindex/Session.modulevalidation -Xcc -I/Users/by/Library/Developer/Xcode/DerivedData/Mac_Time-cdltvsksmtwtfigvfkfcuppbaldr/Build/Intermediates.noindex/Mac\ Time.build/Release/Mac\ Time.build/swift-overrides.hmap -emit-const-values -Xfrontend -const-gather-protocols-file -Xfrontend /Users/by/Library/Developer/Xcode/DerivedData/Mac_Time-cdltvsksmtwtfigvfkfcuppbaldr/Build/Intermediates.noindex/Mac\ Time.build/Release/Mac\ Time.build/Objects-normal/arm64/Mac\ Time_const_extract_protocols.json -Xcc -iquote -Xcc /Users/by/Library/Developer/Xcode/DerivedData/Mac_Time-cdltvsksmtwtfigvfkfcuppbaldr/Build/Intermediates.noindex/Mac\ Time.build/Release/Mac\ Time.build/Mac\ Time-generated-files.hmap -Xcc -I/Users/by/Library/Developer/Xcode/DerivedData/Mac_Time-cdltvsksmtwtfigvfkfcuppbaldr/Build/Intermediates.noindex/Mac\ Time.build/Release/Mac\ Time.build/Mac\ Time-own-target-headers.hmap -Xcc -I/Users/by/Library/Developer/Xcode/DerivedData/Mac_Time-cdltvsksmtwtfigvfkfcuppbaldr/Build/Intermediates.noindex/Mac\ Time.build/Release/Mac\ Time.build/Mac\ Time-all-non-framework-target-headers.hmap -Xcc -ivfsoverlay -Xcc /Users/by/Library/Developer/Xcode/DerivedData/Mac_Time-cdltvsksmtwtfigvfkfcuppbaldr/Build/Intermediates.noindex/Mac\ Time.build/Release/Mac\ Time-1650fa92d794e50ced56502a9c4ab3ae-VFS/all-product-headers.yaml -Xcc -iquote -Xcc /Users/by/Library/Developer/Xcode/DerivedData/Mac_Time-cdltvsksmtwtfigvfkfcuppbaldr/Build/Intermediates.noindex/Mac\ Time.build/Release/Mac\ Time.build/Mac\ Time-project-headers.hmap -Xcc -I/Users/by/Library/Developer/Xcode/DerivedData/Mac_Time-cdltvsksmtwtfigvfkfcuppbaldr/Build/Products/Release/include -Xcc -I/Users/by/Library/Developer/Xcode/DerivedData/Mac_Time-cdltvsksmtwtfigvfkfcuppbaldr/Build/Intermediates.noindex/Mac\ Time.build/Release/Mac\ Time.build/DerivedSources-normal/arm64 -Xcc -I/Users/by/Library/Developer/Xcode/DerivedData/Mac_Time-cdltvsksmtwtfigvfkfcuppbaldr/Build/Intermediates.noindex/Mac\ Time.build/Release/Mac\ Time.build/DerivedSources/arm64 -Xcc -I/Users/by/Library/Developer/Xcode/DerivedData/Mac_Time-cdltvsksmtwtfigvfkfcuppbaldr/Build/Intermediates.noindex/Mac\ Time.build/Release/Mac\ Time.build/DerivedSources -emit-objc-header -emit-objc-header-path /Users/by/Library/Developer/Xcode/DerivedData/Mac_Time-cdltvsksmtwtfigvfkfcuppbaldr/Build/Intermediates.noindex/Mac\ Time.build/Release/Mac\ Time.build/Objects-normal/arm64/Mac_Time-Swift.h -working-directory /Users/by/Dev/macos/Mac\ Time -no-emit-module-separately-wmo

CompileXCStrings /Users/by/Library/Developer/Xcode/DerivedData/Mac_Time-cdltvsksmtwtfigvfkfcuppbaldr/Build/Intermediates.noindex/Mac\ Time.build/Release/Mac\ Time.build/ /Users/by/Dev/macos/Mac\ Time/Mac\ Time/Localizable.xcstrings (in target 'Mac Time' from project 'Mac Time')
    cd /Users/by/Dev/macos/Mac\ Time
    /Applications/Xcode.app/Contents/Developer/usr/bin/xcstringstool compile --output-directory /Users/by/Library/Developer/Xcode/DerivedData/Mac_Time-cdltvsksmtwtfigvfkfcuppbaldr/Build/Intermediates.noindex/Mac\ Time.build/Release/Mac\ Time.build /Users/by/Dev/macos/Mac\ Time/Mac\ Time/Localizable.xcstrings

CopyStringsFile /Users/by/Library/Developer/Xcode/DerivedData/Mac_Time-cdltvsksmtwtfigvfkfcuppbaldr/Build/Products/Release/Mac\ Time.app/Contents/Resources/en.lproj/Localizable.strings /Users/by/Library/Developer/Xcode/DerivedData/Mac_Time-cdltvsksmtwtfigvfkfcuppbaldr/Build/Intermediates.noindex/Mac\ Time.build/Release/Mac\ Time.build/en.lproj/Localizable.strings (in target 'Mac Time' from project 'Mac Time')
    cd /Users/by/Dev/macos/Mac\ Time
    builtin-copyStrings --validate --outputencoding UTF-16 --outfilename Localizable.strings --outdir /Users/by/Library/Developer/Xcode/DerivedData/Mac_Time-cdltvsksmtwtfigvfkfcuppbaldr/Build/Products/Release/Mac\ Time.app/Contents/Resources/en.lproj -- /Users/by/Library/Developer/Xcode/DerivedData/Mac_Time-cdltvsksmtwtfigvfkfcuppbaldr/Build/Intermediates.noindex/Mac\ Time.build/Release/Mac\ Time.build/en.lproj/Localizable.strings
/Users/by/Library/Developer/Xcode/DerivedData/Mac_Time-cdltvsksmtwtfigvfkfcuppbaldr/Build/Intermediates.noindex/Mac Time.build/Release/Mac Time.build/en.lproj/Localizable.strings:1:1: note: detected encoding of input file as Unicode (UTF-8) (in target 'Mac Time' from project 'Mac Time')

CopyStringsFile /Users/by/Library/Developer/Xcode/DerivedData/Mac_Time-cdltvsksmtwtfigvfkfcuppbaldr/Build/Products/Release/Mac\ Time.app/Contents/Resources/zh-Hans.lproj/Localizable.strings /Users/by/Library/Developer/Xcode/DerivedData/Mac_Time-cdltvsksmtwtfigvfkfcuppbaldr/Build/Intermediates.noindex/Mac\ Time.build/Release/Mac\ Time.build/zh-Hans.lproj/Localizable.strings (in target 'Mac Time' from project 'Mac Time')
    cd /Users/by/Dev/macos/Mac\ Time
    builtin-copyStrings --validate --outputencoding UTF-16 --outfilename Localizable.strings --outdir /Users/by/Library/Developer/Xcode/DerivedData/Mac_Time-cdltvsksmtwtfigvfkfcuppbaldr/Build/Products/Release/Mac\ Time.app/Contents/Resources/zh-Hans.lproj -- /Users/by/Library/Developer/Xcode/DerivedData/Mac_Time-cdltvsksmtwtfigvfkfcuppbaldr/Build/Intermediates.noindex/Mac\ Time.build/Release/Mac\ Time.build/zh-Hans.lproj/Localizable.strings
/Users/by/Library/Developer/Xcode/DerivedData/Mac_Time-cdltvsksmtwtfigvfkfcuppbaldr/Build/Intermediates.noindex/Mac Time.build/Release/Mac Time.build/zh-Hans.lproj/Localizable.strings:1:1: note: detected encoding of input file as Unicode (UTF-8) (in target 'Mac Time' from project 'Mac Time')

SwiftCompile normal arm64 Compiling\ TimelineViewModel.swift,\ Date+Utils.swift,\ ContentView.swift,\ Localization.swift,\ Mac_TimeApp.swift,\ PomodoroController.swift,\ PomodoroEngine.swift,\ PomodoroModels.swift,\ PomodoroNotificationService.swift,\ PomodoroSettingsStore.swift,\ PomodoroSettingsView.swift,\ SessionEditView.swift,\ SessionListView.swift,\ UsageStatsView.swift,\ Color+Hex.swift,\ Session.swift,\ ActivityTracker.swift,\ NSImage+AverageColor.swift,\ SessionStore.swift,\ GeneratedAssetSymbols.swift,\ GeneratedStringSymbols_Localizable.swift /Users/by/Dev/macos/Mac\ Time/ViewModels/TimelineViewModel.swift /Users/by/Dev/macos/Mac\ Time/Utilities/Date+Utils.swift /Users/by/Dev/macos/Mac\ Time/Mac\ Time/ContentView.swift /Users/by/Dev/macos/Mac\ Time/Mac\ Time/Localization.swift /Users/by/Dev/macos/Mac\ Time/Mac\ Time/Mac_TimeApp.swift /Users/by/Dev/macos/Mac\ Time/Mac\ Time/PomodoroController.swift /Users/by/Dev/macos/Mac\ Time/Mac\ Time/PomodoroEngine.swift /Users/by/Dev/macos/Mac\ Time/Mac\ Time/PomodoroModels.swift /Users/by/Dev/macos/Mac\ Time/Mac\ Time/PomodoroNotificationService.swift /Users/by/Dev/macos/Mac\ Time/Mac\ Time/PomodoroSettingsStore.swift /Users/by/Dev/macos/Mac\ Time/Mac\ Time/PomodoroSettingsView.swift /Users/by/Dev/macos/Mac\ Time/Mac\ Time/SessionEditView.swift /Users/by/Dev/macos/Mac\ Time/Mac\ Time/SessionListView.swift /Users/by/Dev/macos/Mac\ Time/Mac\ Time/UsageStatsView.swift /Users/by/Dev/macos/Mac\ Time/Utilities/Color+Hex.swift /Users/by/Dev/macos/Mac\ Time/Models/Session.swift /Users/by/Dev/macos/Mac\ Time/Services/ActivityTracker.swift /Users/by/Dev/macos/Mac\ Time/Utilities/NSImage+AverageColor.swift /Users/by/Dev/macos/Mac\ Time/Services/SessionStore.swift /Users/by/Library/Developer/Xcode/DerivedData/Mac_Time-cdltvsksmtwtfigvfkfcuppbaldr/Build/Intermediates.noindex/Mac\ Time.build/Release/Mac\ Time.build/DerivedSources/GeneratedAssetSymbols.swift /Users/by/Library/Developer/Xcode/DerivedData/Mac_Time-cdltvsksmtwtfigvfkfcuppbaldr/Build/Intermediates.noindex/Mac\ Time.build/Release/Mac\ Time.build/DerivedSources/GeneratedStringSymbols_Localizable.swift /Applications/Xcode.app/Contents/Developer/Toolchains/XcodeDefault.xctoolchain/usr/lib/swift/macosx/prebuilt-modules/26.0/Swift.swiftmodule/arm64e-apple-macos.swiftmodule /Applications/Xcode.app/Contents/Developer/Toolchains/XcodeDefault.xctoolchain/usr/lib/swift/macosx/prebuilt-modules/26.0/_DarwinFoundation3.swiftmodule/arm64e-apple-macos.swiftmodule /Applications/Xcode.app/Contents/Developer/Toolchains/XcodeDefault.xctoolchain/usr/lib/swift/macosx/prebuilt-modules/26.0/CoreGraphics.swiftmodule/arm64e-apple-macos.swiftmodule /Applications/Xcode.app/Contents/Developer/Toolchains/XcodeDefault.xctoolchain/usr/lib/swift/macosx/prebuilt-modules/26.0/DataDetection.swiftmodule/arm64e-apple-macos.swiftmodule /Applications/Xcode.app/Contents/Developer/Toolchains/XcodeDefault.xctoolchain/usr/lib/swift/macosx/prebuilt-modules/26.0/Spatial.swiftmodule/arm64e-apple-macos.swiftmodule /Applications/Xcode.app/Contents/Developer/Toolchains/XcodeDefault.xctoolchain/usr/lib/swift/macosx/prebuilt-modules/26.0/QuartzCore.swiftmodule/arm64e-apple-macos.swiftmodule /Applications/Xcode.app/Contents/Developer/Toolchains/XcodeDefault.xctoolchain/usr/lib/swift/macosx/prebuilt-modules/26.0/System.swiftmodule/arm64e-apple-macos.swiftmodule /Applications/Xcode.app/Contents/Developer/Toolchains/XcodeDefault.xctoolchain/usr/lib/swift/macosx/prebuilt-modules/26.0/os.swiftmodule/arm64e-apple-macos.swiftmodule /Applications/Xcode.app/Contents/Developer/Toolchains/XcodeDefault.xctoolchain/usr/lib/swift/macosx/prebuilt-modules/26.0/SwiftUI.swiftmodule/arm64e-apple-macos.swiftmodule /Applications/Xcode.app/Contents/Developer/Toolchains/XcodeDefault.xctoolchain/usr/lib/swift/macosx/prebuilt-modules/26.0/AppKit.swiftmodule/arm64e-apple-macos.swiftmodule /Applications/Xcode.app/Contents/Developer/Toolchains/XcodeDefault.xctoolchain/usr/lib/swift/macosx/prebuilt-modules/26.0/_Builtin_float.swiftmodule/arm64e-apple-macos.swiftmodule /Applications/Xcode.app/Contents/Developer/Toolchains/XcodeDefault.xctoolchain/usr/lib/swift/macosx/prebuilt-modules/26.0/CoreData.swiftmodule/arm64e-apple-macos.swiftmodule /Applications/Xcode.app/Contents/Developer/Toolchains/XcodeDefault.xctoolchain/usr/lib/swift/macosx/prebuilt-modules/26.0/_StringProcessing.swiftmodule/arm64e-apple-macos.swiftmodule /Applications/Xcode.app/Contents/Developer/Toolchains/XcodeDefault.xctoolchain/usr/lib/swift/macosx/prebuilt-modules/26.0/Darwin.swiftmodule/arm64e-apple-macos.swiftmodule /Applications/Xcode.app/Contents/Developer/Toolchains/XcodeDefault.xctoolchain/usr/lib/swift/macosx/prebuilt-modules/26.0/SwiftUICore.swiftmodule/arm64e-apple-macos.swiftmodule /Applications/Xcode.app/Contents/Developer/Toolchains/XcodeDefault.xctoolchain/usr/lib/swift/macosx/prebuilt-modules/26.0/OSLog.swiftmodule/arm64e-apple-macos.swiftmodule /Applications/Xcode.app/Contents/Developer/Toolchains/XcodeDefault.xctoolchain/usr/lib/swift/macosx/prebuilt-modules/26.0/CoreTransferable.swiftmodule/arm64e-apple-macos.swiftmodule /Users/by/Library/Developer/Xcode/DerivedData/Mac_Time-cdltvsksmtwtfigvfkfcuppbaldr/Build/Products/Release/SQLite.swiftmodule/arm64-apple-macos.swiftmodule /Applications/Xcode.app/Contents/Developer/Toolchains/XcodeDefault.xctoolchain/usr/lib/swift/macosx/prebuilt-modules/26.0/Combine.swiftmodule/arm64e-apple-macos.swiftmodule /Applications/Xcode.app/Contents/Developer/Toolchains/XcodeDefault.xctoolchain/usr/lib/swift/macosx/prebuilt-modules/26.0/Accessibility.swiftmodule/arm64e-apple-macos.swiftmodule /Applications/Xcode.app/Contents/Developer/Toolchains/XcodeDefault.xctoolchain/usr/lib/swift/macosx/prebuilt-modules/26.0/Observation.swiftmodule/arm64e-apple-macos.swiftmodule /Applications/Xcode.app/Contents/Developer/Toolchains/XcodeDefault.xctoolchain/usr/lib/swift/macosx/prebuilt-modules/26.0/Metal.swiftmodule/arm64e-apple-macos.swiftmodule /Applications/Xcode.app/Contents/Developer/Toolchains/XcodeDefault.xctoolchain/usr/lib/swift/macosx/prebuilt-modules/26.0/IOKit.swiftmodule/arm64e-apple-macos.swiftmodule /Applications/Xcode.app/Contents/Developer/Toolchains/XcodeDefault.xctoolchain/usr/lib/swift/macosx/prebuilt-modules/26.0/Foundation.swiftmodule/arm64e-apple-macos.swiftmodule /Applications/Xcode.app/Contents/Developer/Toolchains/XcodeDefault.xctoolchain/usr/lib/swift/macosx/prebuilt-modules/26.0/ObjectiveC.swiftmodule/arm64e-apple-macos.swiftmodule /Applications/Xcode.app/Contents/Developer/Toolchains/XcodeDefault.xctoolchain/usr/lib/swift/macosx/prebuilt-modules/26.0/Symbols.swiftmodule/arm64e-apple-macos.swiftmodule /Applications/Xcode.app/Contents/Developer/Toolchains/XcodeDefault.xctoolchain/usr/lib/swift/macosx/prebuilt-modules/26.0/DeveloperToolsSupport.swiftmodule/arm64e-apple-macos.swiftmodule /Applications/Xcode.app/Contents/Developer/Toolchains/XcodeDefault.xctoolchain/usr/lib/swift/macosx/prebuilt-modules/26.0/_Concurrency.swiftmodule/arm64e-apple-macos.swiftmodule /Applications/Xcode.app/Contents/Developer/Toolchains/XcodeDefault.xctoolchain/usr/lib/swift/macosx/prebuilt-modules/26.0/Dispatch.swiftmodule/arm64e-apple-macos.swiftmodule /Applications/Xcode.app/Contents/Developer/Toolchains/XcodeDefault.xctoolchain/usr/lib/swift/macosx/prebuilt-modules/26.0/UniformTypeIdentifiers.swiftmodule/arm64e-apple-macos.swiftmodule /Applications/Xcode.app/Contents/Developer/Toolchains/XcodeDefault.xctoolchain/usr/lib/swift/macosx/prebuilt-modules/26.0/CoreFoundation.swiftmodule/arm64e-apple-macos.swiftmodule /Applications/Xcode.app/Contents/Developer/Toolchains/XcodeDefault.xctoolchain/usr/lib/swift/macosx/prebuilt-modules/26.0/CoreText.swiftmodule/arm64e-apple-macos.swiftmodule /Applications/Xcode.app/Contents/Developer/Toolchains/XcodeDefault.xctoolchain/usr/lib/swift/macosx/prebuilt-modules/26.0/XPC.swiftmodule/arm64e-apple-macos.swiftmodule /Applications/Xcode.app/Contents/Developer/Toolchains/XcodeDefault.xctoolchain/usr/lib/swift/macosx/prebuilt-modules/26.0/_DarwinFoundation2.swiftmodule/arm64e-apple-macos.swiftmodule /Applications/Xcode.app/Contents/Developer/Toolchains/XcodeDefault.xctoolchain/usr/lib/swift/macosx/prebuilt-modules/26.0/simd.swiftmodule/arm64e-apple-macos.swiftmodule /Applications/Xcode.app/Contents/Developer/Toolchains/XcodeDefault.xctoolchain/usr/lib/swift/macosx/prebuilt-modules/26.0/CoreImage.swiftmodule/arm64e-apple-macos.swiftmodule /Applications/Xcode.app/Contents/Developer/Toolchains/XcodeDefault.xctoolchain/usr/lib/swift/macosx/prebuilt-modules/26.0/CoreVideo.swiftmodule/arm64e-apple-macos.swiftmodule /Applications/Xcode.app/Contents/Developer/Toolchains/XcodeDefault.xctoolchain/usr/lib/swift/macosx/prebuilt-modules/26.0/_DarwinFoundation1.swiftmodule/arm64e-apple-macos.swiftmodule /Users/by/Library/Developer/Xcode/DerivedData/ModuleCache.noindex/_Builtin_limits-8HXXDWIDXPZ5Y1DHDLHP93P9D.pcm /Users/by/Library/Developer/Xcode/DerivedData/ModuleCache.noindex/CFNetwork-D90OU08FSHEEMU352SYTFNM5H.pcm /Users/by/Library/Developer/Xcode/DerivedData/ModuleCache.noindex/ptrcheck-255UTLESNX6OYJH5EE6UI7A8W.pcm /Users/by/Library/Developer/Xcode/DerivedData/ModuleCache.noindex/_AvailabilityInternal-5CDWK0XKOAR48G6Z2FAJRJM6F.pcm /Users/by/Library/Developer/Xcode/DerivedData/ModuleCache.noindex/IOKit-1X29UZZ1PBPR4YCJ43NDVGRLF.pcm /Users/by/Library/Developer/Xcode/DerivedData/ModuleCache.noindex/ImageIO-DBKPWG72JWIGFDJH8JDF8SWE0.pcm /Users/by/Library/Developer/Xcode/DerivedData/ModuleCache.noindex/Metal-ESQ1NKNYT2UHMMTQXI2SI5HAT.pcm /Users/by/Library/Developer/Xcode/DerivedData/ModuleCache.noindex/CUPS-5GECB3NJEV2XA9MA94VN3AAEN.pcm /Users/by/Library/Developer/Xcode/DerivedData/ModuleCache.noindex/DeveloperToolsSupport-2K9FUX5UO1LJ1OULN194EL01T.pcm /Users/by/Library/Developer/Xcode/DerivedData/ModuleCache.noindex/simd-AS3BQO9DKU01AZ6IRGL4MEQ17.pcm /Users/by/Library/Developer/Xcode/DerivedData/ModuleCache.noindex/Darwin-72KI70JALVF3GRB87U9TS9Y5V.pcm /Users/by/Library/Developer/Xcode/DerivedData/ModuleCache.noindex/QuartzCore-6HYLPG8N113W4V76NYCFGNVXE.pcm /Users/by/Library/Developer/Xcode/DerivedData/ModuleCache.noindex/UserNotifications-EKK4A9YPI1LB8DSZPHD6VG1W5.pcm /Users/by/Library/Developer/Xcode/DerivedData/ModuleCache.noindex/Accessibility-83JJZWONNPRQKBTU2B9YQOYK.pcm /Users/by/Library/Developer/Xcode/DerivedData/ModuleCache.noindex/os_object-BZQYHZFJDUP48X7A70IMRAT9G.pcm /Users/by/Library/Developer/Xcode/DerivedData/ModuleCache.noindex/SwiftUI-ODXK50HPIQ8JOSX2RU1ONAGE.pcm /Users/by/Library/Developer/Xcode/DerivedData/ModuleCache.noindex/UniformTypeIdentifiers-99BEGMYIZXLCHIN1Z3LN6ADMZ.pcm /Users/by/Library/Developer/Xcode/DerivedData/ModuleCache.noindex/ColorSync-90KDPS1LQRPLMQ0YGJ3ZUND5M.pcm /Users/by/Library/Developer/Xcode/DerivedData/ModuleCache.noindex/CoreVideo-B4CLSLWJ33RO3MWTCVMAOM84S.pcm /Users/by/Library/Developer/Xcode/DerivedData/ModuleCache.noindex/Security-997TC43F4FBHN3O9NPQU40DKY.pcm /Users/by/Library/Developer/Xcode/DerivedData/ModuleCache.noindex/CoreData-3Y4OTQM14KPM6PVE6BGNJAMC.pcm /Users/by/Library/Developer/Xcode/DerivedData/ModuleCache.noindex/_SwiftConcurrencyShims-AR2F8H5ZTG1RSBW1043WJD3Z8.pcm /Users/by/Library/Developer/Xcode/DerivedData/ModuleCache.noindex/MachO-68GYJZNAKJ0UN07FWIA2JP79D.pcm /Users/by/Library/Developer/Xcode/DerivedData/ModuleCache.noindex/Dispatch-86JRPPR5OCB3WZMSPYSQNC4JT.pcm /Users/by/Library/Developer/Xcode/DerivedData/ModuleCache.noindex/sys_types-18AJGNOH0Y858SOK1KE6V7HI7.pcm /Users/by/Library/Developer/Xcode/DerivedData/ModuleCache.noindex/IOSurface-7T79VJGZIQT145D8C085GSWET.pcm /Users/by/Library/Developer/Xcode/DerivedData/ModuleCache.noindex/libDER-66UXBPOUHQPUSK0RHRZG1BJ5I.pcm /Users/by/Library/Developer/Xcode/DerivedData/ModuleCache.noindex/CoreImage-CNIC7O3WTPLRE717IA5ACQHJA.pcm /Users/by/Library/Developer/Xcode/DerivedData/ModuleCache.noindex/Spatial-ESFMB1916K7TB7WTF6F17A3ST.pcm /Users/by/Library/Developer/Xcode/DerivedData/ModuleCache.noindex/_Builtin_float-5HHP5WX5R400RCQYTAAKNQEO6.pcm /Users/by/Library/Developer/Xcode/DerivedData/ModuleCache.noindex/_Builtin_stdatomic-9PT6XIS1OBCI6CM7P5GGIRVKX.pcm /Users/by/Library/Developer/Xcode/DerivedData/ModuleCache.noindex/OpenGL-A6HYJBRHAULOQILD0SZWY6DDF.pcm /Users/by/Library/Developer/Xcode/DerivedData/ModuleCache.noindex/CoreTransferable-6G4GKNO2H3CS38ADA1XRAJ62I.pcm /Users/by/Library/Developer/Xcode/DerivedData/ModuleCache.noindex/CoreFoundation-2FLYMHFAU7OYSUAZDWQFFWV7T.pcm /Users/by/Library/Developer/Xcode/DerivedData/ModuleCache.noindex/libkern-6UCUGNJ4ERHQS35RUCDXA0S3O.pcm /Users/by/Library/Developer/Xcode/DerivedData/ModuleCache.noindex/_Builtin_intrinsics-3END7FZ7G1X9R572XAE626SSX.pcm /Users/by/Library/Developer/Xcode/DerivedData/ModuleCache.noindex/_Builtin_tgmath-CMZARPS3QFALYQ6ABGHIDBFT9.pcm /Users/by/Library/Developer/Xcode/DerivedData/ModuleCache.noindex/_Builtin_inttypes-DM32N6MCH372MTIWDOCYT58V3.pcm /Users/by/Library/Developer/Xcode/DerivedData/ModuleCache.noindex/XPC-E3PH7AB2PLYP61YKVTXHC8CL1.pcm /Users/by/Library/Developer/Xcode/DerivedData/ModuleCache.noindex/CoreServices-ELO8U5INBV1AJDMA5EQCIPEK0.pcm /Users/by/Library/Developer/Xcode/DerivedData/ModuleCache.noindex/Symbols-7H74FAAZ7TO81LGHUF2V1A4CK.pcm /Users/by/Library/Developer/Xcode/DerivedData/ModuleCache.noindex/launch-F4ZH7E43BZS9R730VUEPVX8SC.pcm /Users/by/Library/Developer/Xcode/DerivedData/ModuleCache.noindex/SwiftUICore-8C4VUUR5936DDZKFUCTVGYXLL.pcm /Users/by/Library/Developer/Xcode/DerivedData/ModuleCache.noindex/_DarwinFoundation3-7NW811NBZF5W5YEXLOITLRY5W.pcm /Users/by/Library/Developer/Xcode/DerivedData/ModuleCache.noindex/DataDetection-CI058LAJPW6GHLLD4CGH8DIUV.pcm /Users/by/Library/Developer/Xcode/DerivedData/ModuleCache.noindex/DiskArbitration-7MJ6YPPYUNYXO4658AG0P9J10.pcm /Users/by/Library/Developer/Xcode/DerivedData/ModuleCache.noindex/_Builtin_stddef-ASFKAV75SF9HRMEKGGUO0BUST.pcm /Users/by/Library/Developer/Xcode/DerivedData/ModuleCache.noindex/_DarwinFoundation1-5M70299CJYQDV7RFM5D1ZRGB2.pcm /Users/by/Library/Developer/Xcode/DerivedData/ModuleCache.noindex/_Builtin_stdarg-58RKJEDG8AMGJBY7X3NQFNZRH.pcm /Users/by/Library/Developer/Xcode/DerivedData/ModuleCache.noindex/SQLite3-1JWE4SVVO4IVJDRA0HBFIYT1X.pcm /Users/by/Library/Developer/Xcode/DerivedData/ModuleCache.noindex/OSLog-874IIZ56DWGAM8SZP9EMMVUJ1.pcm /Users/by/Library/Developer/Xcode/DerivedData/ModuleCache.noindex/_Builtin_stdint-1N0JC2RNPD1JTICL7HKHV98K5.pcm /Users/by/Library/Developer/Xcode/DerivedData/ModuleCache.noindex/CoreGraphics-4NO7LIMRI8HZ10Z2ASBW0YTQY.pcm /Users/by/Library/Developer/Xcode/DerivedData/ModuleCache.noindex/_Builtin_stdbool-1IPBX1DYGLQNK7VAC085ZD4FI.pcm /Users/by/Library/Developer/Xcode/DerivedData/ModuleCache.noindex/SwiftShims-5FPML2S49HR93ETHIZ4NAAJEA.pcm /Users/by/Library/Developer/Xcode/DerivedData/ModuleCache.noindex/ApplicationServices-A0Y9E04Z46HWX1C3R4AIDQKC7.pcm /Users/by/Library/Developer/Xcode/DerivedData/ModuleCache.noindex/ptrauth-AYC5MLVWXDVGWORH2A1UFUKRY.pcm /Users/by/Library/Developer/Xcode/DerivedData/ModuleCache.noindex/ObjectiveC-3DFH576XJ56DLOTCH5TMWPFP9.pcm /Users/by/Library/Developer/Xcode/DerivedData/ModuleCache.noindex/Foundation-7Y95WB6RLSI9H41PSYQYNDMAV.pcm /Users/by/Library/Developer/Xcode/DerivedData/ModuleCache.noindex/AppKit-7GE73XMZE04UKX69BKY6YAZWN.pcm /Users/by/Library/Developer/Xcode/DerivedData/ModuleCache.noindex/os_workgroup-6N3RH36MGQ9WF0WUXNZ5965E2.pcm /Users/by/Library/Developer/Xcode/DerivedData/ModuleCache.noindex/_DarwinFoundation2-D2KG4CBVHGR46YUJDK2478KSS.pcm /Users/by/Library/Developer/Xcode/DerivedData/ModuleCache.noindex/os-470MTD4G7AM3BTZPTBZ0VOTW0.pcm /Users/by/Library/Developer/Xcode/DerivedData/ModuleCache.noindex/CoreText-9DLCQ5TB6D7R7TDIXOS8O0VXS.pcm /Users/by/Library/Developer/Xcode/DerivedData/Mac_Time-cdltvsksmtwtfigvfkfcuppbaldr/Build/Intermediates.noindex/Mac\ Time.build/Release/Mac\ Time.build/Objects-normal/arm64/Mac_Time-dependencies-1.json (in target 'Mac Time' from project 'Mac Time')

CompileSwift normal arm64 (in target 'Mac Time' from project 'Mac Time')
    cd /Users/by/Dev/macos/Mac\ Time
    
/Users/by/Dev/macos/Mac Time/ViewModels/TimelineViewModel.swift:280:35: warning: main actor-isolated property 'duration' can not be referenced from a nonisolated context
        return blocks.filter { $0.duration >= minimumDuration }
                                  ^
/Users/by/Dev/macos/Mac Time/Models/Session.swift:22:9: note: property declared here
    var duration: TimeInterval { endAt.timeIntervalSince(startAt) }
        ^
/Users/by/Dev/macos/Mac Time/ViewModels/TimelineViewModel.swift:288:60: warning: main actor-isolated property 'calendarComponent' can not be referenced from a nonisolated context
        if let interval = calendar.dateInterval(of: period.calendarComponent, for: date) {
                                                           ^
/Users/by/Dev/macos/Mac Time/ViewModels/TimelineViewModel.swift:336:9: note: property declared here
    var calendarComponent: Calendar.Component {
        ^
/Users/by/Dev/macos/Mac Time/ViewModels/TimelineViewModel.swift:293:50: warning: main actor-isolated property 'calendarComponent' can not be referenced from a nonisolated context
        let end = calendar.date(byAdding: period.calendarComponent, value: 1, to: start)
                                                 ^
/Users/by/Dev/macos/Mac Time/ViewModels/TimelineViewModel.swift:336:9: note: property declared here
    var calendarComponent: Calendar.Component {
        ^
/Users/by/Dev/macos/Mac Time/Mac Time/PomodoroSettingsView.swift:206:21: error: cannot convert value of type 'Any' to expected argument type 'URL'
                at: dir,
                    ^
                        as! URL
/Users/by/Dev/macos/Mac Time/Mac Time/PomodoroSettingsView.swift:208:28: error: type 'FileManager.DirectoryEnumerationOptions.ArrayLiteralElement' (aka 'FileManager.DirectoryEnumerationOptions') has no member 'skipsSubpackageDescendants'
                options: [.skipsSubpackageDescendants, .skipsHiddenFiles]
                          ~^~~~~~~~~~~~~~~~~~~~~~~~~~

Failed frontend command:
/Applications/Xcode.app/Contents/Developer/Toolchains/XcodeDefault.xctoolchain/usr/bin/swift-frontend -frontend -c /Users/by/Dev/macos/Mac\ Time/ViewModels/TimelineViewModel.swift /Users/by/Dev/macos/Mac\ Time/Utilities/Date+Utils.swift /Users/by/Dev/macos/Mac\ Time/Mac\ Time/ContentView.swift /Users/by/Dev/macos/Mac\ Time/Mac\ Time/Localization.swift /Users/by/Dev/macos/Mac\ Time/Mac\ Time/Mac_TimeApp.swift /Users/by/Dev/macos/Mac\ Time/Mac\ Time/PomodoroController.swift /Users/by/Dev/macos/Mac\ Time/Mac\ Time/PomodoroEngine.swift /Users/by/Dev/macos/Mac\ Time/Mac\ Time/PomodoroModels.swift /Users/by/Dev/macos/Mac\ Time/Mac\ Time/PomodoroNotificationService.swift /Users/by/Dev/macos/Mac\ Time/Mac\ Time/PomodoroSettingsStore.swift /Users/by/Dev/macos/Mac\ Time/Mac\ Time/PomodoroSettingsView.swift /Users/by/Dev/macos/Mac\ Time/Mac\ Time/SessionEditView.swift /Users/by/Dev/macos/Mac\ Time/Mac\ Time/SessionListView.swift /Users/by/Dev/macos/Mac\ Time/Mac\ Time/UsageStatsView.swift /Users/by/Dev/macos/Mac\ Time/Utilities/Color+Hex.swift /Users/by/Dev/macos/Mac\ Time/Models/Session.swift /Users/by/Dev/macos/Mac\ Time/Services/ActivityTracker.swift /Users/by/Dev/macos/Mac\ Time/Utilities/NSImage+AverageColor.swift /Users/by/Dev/macos/Mac\ Time/Services/SessionStore.swift /Users/by/Library/Developer/Xcode/DerivedData/Mac_Time-cdltvsksmtwtfigvfkfcuppbaldr/Build/Intermediates.noindex/Mac\ Time.build/Release/Mac\ Time.build/DerivedSources/GeneratedAssetSymbols.swift /Users/by/Library/Developer/Xcode/DerivedData/Mac_Time-cdltvsksmtwtfigvfkfcuppbaldr/Build/Intermediates.noindex/Mac\ Time.build/Release/Mac\ Time.build/DerivedSources/GeneratedStringSymbols_Localizable.swift -supplementary-output-file-map /Users/by/Library/Developer/Xcode/DerivedData/Mac_Time-cdltvsksmtwtfigvfkfcuppbaldr/Build/Intermediates.noindex/Mac\ Time.build/Release/Mac\ Time.build/Objects-normal/arm64/supplementaryOutputs-1 -emit-localized-strings -emit-localized-strings-path /Users/by/Library/Developer/Xcode/DerivedData/Mac_Time-cdltvsksmtwtfigvfkfcuppbaldr/Build/Intermediates.noindex/Mac\ Time.build/Release/Mac\ Time.build/Objects-normal/arm64 -target arm64-apple-macos26.0 -module-can-import-version AppKit 2685.10.108 2685.10.108 -module-can-import-version DeveloperToolsSupport 23.0.4 23.0.4 -module-can-import-version SwiftUI 7.0.84.1 7.0.84 -load-resolved-plugin /Applications/Xcode.app/Contents/Developer/Platforms/MacOSX.platform/Developer/usr/lib/swift/host/plugins/libFoundationMacros.dylib\#/Applications/Xcode.app/Contents/Developer/Platforms/MacOSX.platform/Developer/usr/bin/swift-plugin-server\#FoundationMacros -load-resolved-plugin /Applications/Xcode.app/Contents/Developer/Platforms/MacOSX.platform/Developer/usr/lib/swift/host/plugins/libObservationMacros.dylib\#/Applications/Xcode.app/Contents/Developer/Platforms/MacOSX.platform/Developer/usr/bin/swift-plugin-server\#ObservationMacros -load-resolved-plugin /Applications/Xcode.app/Contents/Developer/Platforms/MacOSX.platform/Developer/usr/lib/swift/host/plugins/libPreviewsMacros.dylib\#/Applications/Xcode.app/Contents/Developer/Platforms/MacOSX.platform/Developer/usr/bin/swift-plugin-server\#PreviewsMacros -load-resolved-plugin /Applications/Xcode.app/Contents/Developer/Platforms/MacOSX.platform/Developer/usr/lib/swift/host/plugins/libSwiftMacros.dylib\#/Applications/Xcode.app/Contents/Developer/Platforms/MacOSX.platform/Developer/usr/bin/swift-plugin-server\#SwiftMacros -load-resolved-plugin /Applications/Xcode.app/Contents/Developer/Platforms/MacOSX.platform/Developer/usr/lib/swift/host/plugins/libSwiftUIMacros.dylib\#/Applications/Xcode.app/Contents/Developer/Platforms/MacOSX.platform/Developer/usr/bin/swift-plugin-server\#SwiftUIMacros -disable-implicit-swift-modules -Xcc -fno-implicit-modules -Xcc -fno-implicit-module-maps -explicit-swift-module-map-file /Users/by/Library/Developer/Xcode/DerivedData/Mac_Time-cdltvsksmtwtfigvfkfcuppbaldr/Build/Intermediates.noindex/Mac\ Time.build/Release/Mac\ Time.build/Objects-normal/arm64/Mac_Time-dependencies-1.json -Xllvm -aarch64-use-tbi -enable-objc-interop -stack-check -sdk /Applications/Xcode.app/Contents/Developer/Platforms/MacOSX.platform/Developer/SDKs/MacOSX26.0.sdk -I /Users/by/Library/Developer/Xcode/DerivedData/Mac_Time-cdltvsksmtwtfigvfkfcuppbaldr/Build/Products/Release -F /Users/by/Library/Developer/Xcode/DerivedData/Mac_Time-cdltvsksmtwtfigvfkfcuppbaldr/Build/Products/Release/PackageFrameworks -F /Users/by/Library/Developer/Xcode/DerivedData/Mac_Time-cdltvsksmtwtfigvfkfcuppbaldr/Build/Products/Release -no-color-diagnostics -Xcc -fno-color-diagnostics -g -debug-info-format\=dwarf -dwarf-version\=5 -module-cache-path /Users/by/Library/Developer/Xcode/DerivedData/Mac_Time-cdltvsksmtwtfigvfkfcuppbaldr/Build/Intermediates.noindex/SwiftExplicitPrecompiledModules -profile-generate -profile-coverage-mapping -swift-version 5 -enforce-exclusivity\=checked -O -serialize-debugging-options -const-gather-protocols-file /Users/by/Library/Developer/Xcode/DerivedData/Mac_Time-cdltvsksmtwtfigvfkfcuppbaldr/Build/Intermediates.noindex/Mac\ Time.build/Release/Mac\ Time.build/Objects-normal/arm64/Mac\ Time_const_extract_protocols.json -enable-upcoming-feature DisableOutwardActorInference -enable-upcoming-feature InferSendableFromCaptures -enable-upcoming-feature GlobalActorIsolatedTypesUsability -enable-upcoming-feature MemberImportVisibility -enable-upcoming-feature InferIsolatedConformances -enable-upcoming-feature NonisolatedNonsendingByDefault -enable-experimental-feature DebugDescriptionMacro -enable-bare-slash-regex -default-isolation\=MainActor -empty-abi-descriptor -validate-clang-modules-once -clang-build-session-file /Users/by/Library/Developer/Xcode/DerivedData/ModuleCache.noindex/Session.modulevalidation -Xcc -working-directory -Xcc /Users/by/Dev/macos/Mac\ Time -file-compilation-dir /Users/by/Dev/macos/Mac\ Time -Xcc -ivfsstatcache -Xcc /Users/by/Library/Developer/Xcode/DerivedData/SDKStatCaches.noindex/macosx26.0-25A352-28806144b0707e398aac92880fa50324.sdkstatcache -Xcc -I/Users/by/Library/Developer/Xcode/DerivedData/Mac_Time-cdltvsksmtwtfigvfkfcuppbaldr/Build/Intermediates.noindex/Mac\ Time.build/Release/Mac\ Time.build/swift-overrides.hmap -Xcc -iquote -Xcc /Users/by/Library/Developer/Xcode/DerivedData/Mac_Time-cdltvsksmtwtfigvfkfcuppbaldr/Build/Intermediates.noindex/Mac\ Time.build/Release/Mac\ Time.build/Mac\ Time-generated-files.hmap -Xcc -I/Users/by/Library/Developer/Xcode/DerivedData/Mac_Time-cdltvsksmtwtfigvfkfcuppbaldr/Build/Intermediates.noindex/Mac\ Time.build/Release/Mac\ Time.build/Mac\ Time-own-target-headers.hmap -Xcc -I/Users/by/Library/Developer/Xcode/DerivedData/Mac_Time-cdltvsksmtwtfigvfkfcuppbaldr/Build/Intermediates.noindex/Mac\ Time.build/Release/Mac\ Time.build/Mac\ Time-all-non-framework-target-headers.hmap -Xcc -ivfsoverlay -Xcc /Users/by/Library/Developer/Xcode/DerivedData/Mac_Time-cdltvsksmtwtfigvfkfcuppbaldr/Build/Intermediates.noindex/Mac\ Time.build/Release/Mac\ Time-1650fa92d794e50ced56502a9c4ab3ae-VFS/all-product-headers.yaml -Xcc -iquote -Xcc /Users/by/Library/Developer/Xcode/DerivedData/Mac_Time-cdltvsksmtwtfigvfkfcuppbaldr/Build/Intermediates.noindex/Mac\ Time.build/Release/Mac\ Time.build/Mac\ Time-project-headers.hmap -Xcc -I/Users/by/Library/Developer/Xcode/DerivedData/Mac_Time-cdltvsksmtwtfigvfkfcuppbaldr/Build/Products/Release/include -Xcc -I/Users/by/Library/Developer/Xcode/DerivedData/Mac_Time-cdltvsksmtwtfigvfkfcuppbaldr/Build/Intermediates.noindex/Mac\ Time.build/Release/Mac\ Time.build/DerivedSources-normal/arm64 -Xcc -I/Users/by/Library/Developer/Xcode/DerivedData/Mac_Time-cdltvsksmtwtfigvfkfcuppbaldr/Build/Intermediates.noindex/Mac\ Time.build/Release/Mac\ Time.build/DerivedSources/arm64 -Xcc -I/Users/by/Library/Developer/Xcode/DerivedData/Mac_Time-cdltvsksmtwtfigvfkfcuppbaldr/Build/Intermediates.noindex/Mac\ Time.build/Release/Mac\ Time.build/DerivedSources -no-auto-bridging-header-chaining -module-name Mac_Time -frontend-parseable-output -disable-clang-spi -target-sdk-version 26.0 -target-sdk-name macosx26.0 -clang-target arm64-apple-macos26.0 -in-process-plugin-server-path /Applications/Xcode.app/Contents/Developer/Toolchains/XcodeDefault.xctoolchain/usr/lib/swift/host/libSwiftInProcPluginServer.dylib -enable-default-cmo -num-threads 10 -o /Users/by/Library/Developer/Xcode/DerivedData/Mac_Time-cdltvsksmtwtfigvfkfcuppbaldr/Build/Intermediates.noindex/Mac\ Time.build/Release/Mac\ Time.build/Objects-normal/arm64/TimelineViewModel.o -o /Users/by/Library/Developer/Xcode/DerivedData/Mac_Time-cdltvsksmtwtfigvfkfcuppbaldr/Build/Intermediates.noindex/Mac\ Time.build/Release/Mac\ Time.build/Objects-normal/arm64/Date+Utils.o -o /Users/by/Library/Developer/Xcode/DerivedData/Mac_Time-cdltvsksmtwtfigvfkfcuppbaldr/Build/Intermediates.noindex/Mac\ Time.build/Release/Mac\ Time.build/Objects-normal/arm64/ContentView.o -o /Users/by/Library/Developer/Xcode/DerivedData/Mac_Time-cdltvsksmtwtfigvfkfcuppbaldr/Build/Intermediates.noindex/Mac\ Time.build/Release/Mac\ Time.build/Objects-normal/arm64/Localization.o -o /Users/by/Library/Developer/Xcode/DerivedData/Mac_Time-cdltvsksmtwtfigvfkfcuppbaldr/Build/Intermediates.noindex/Mac\ Time.build/Release/Mac\ Time.build/Objects-normal/arm64/Mac_TimeApp.o -o /Users/by/Library/Developer/Xcode/DerivedData/Mac_Time-cdltvsksmtwtfigvfkfcuppbaldr/Build/Intermediates.noindex/Mac\ Time.build/Release/Mac\ Time.build/Objects-normal/arm64/PomodoroController.o -o /Users/by/Library/Developer/Xcode/DerivedData/Mac_Time-cdltvsksmtwtfigvfkfcuppbaldr/Build/Intermediates.noindex/Mac\ Time.build/Release/Mac\ Time.build/Objects-normal/arm64/PomodoroEngine.o -o /Users/by/Library/Developer/Xcode/DerivedData/Mac_Time-cdltvsksmtwtfigvfkfcuppbaldr/Build/Intermediates.noindex/Mac\ Time.build/Release/Mac\ Time.build/Objects-normal/arm64/PomodoroModels.o -o /Users/by/Library/Developer/Xcode/DerivedData/Mac_Time-cdltvsksmtwtfigvfkfcuppbaldr/Build/Intermediates.noindex/Mac\ Time.build/Release/Mac\ Time.build/Objects-normal/arm64/PomodoroNotificationService.o -o /Users/by/Library/Developer/Xcode/DerivedData/Mac_Time-cdltvsksmtwtfigvfkfcuppbaldr/Build/Intermediates.noindex/Mac\ Time.build/Release/Mac\ Time.build/Objects-normal/arm64/PomodoroSettingsStore.o -o /Users/by/Library/Developer/Xcode/DerivedData/Mac_Time-cdltvsksmtwtfigvfkfcuppbaldr/Build/Intermediates.noindex/Mac\ Time.build/Release/Mac\ Time.build/Objects-normal/arm64/PomodoroSettingsView.o -o /Users/by/Library/Developer/Xcode/DerivedData/Mac_Time-cdltvsksmtwtfigvfkfcuppbaldr/Build/Intermediates.noindex/Mac\ Time.build/Release/Mac\ Time.build/Objects-normal/arm64/SessionEditView.o -o /Users/by/Library/Developer/Xcode/DerivedData/Mac_Time-cdltvsksmtwtfigvfkfcuppbaldr/Build/Intermediates.noindex/Mac\ Time.build/Release/Mac\ Time.build/Objects-normal/arm64/SessionListView.o -o /Users/by/Library/Developer/Xcode/DerivedData/Mac_Time-cdltvsksmtwtfigvfkfcuppbaldr/Build/Intermediates.noindex/Mac\ Time.build/Release/Mac\ Time.build/Objects-normal/arm64/UsageStatsView.o -o /Users/by/Library/Developer/Xcode/DerivedData/Mac_Time-cdltvsksmtwtfigvfkfcuppbaldr/Build/Intermediates.noindex/Mac\ Time.build/Release/Mac\ Time.build/Objects-normal/arm64/Color+Hex.o -o /Users/by/Library/Developer/Xcode/DerivedData/Mac_Time-cdltvsksmtwtfigvfkfcuppbaldr/Build/Intermediates.noindex/Mac\ Time.build/Release/Mac\ Time.build/Objects-normal/arm64/Session.o -o /Users/by/Library/Developer/Xcode/DerivedData/Mac_Time-cdltvsksmtwtfigvfkfcuppbaldr/Build/Intermediates.noindex/Mac\ Time.build/Release/Mac\ Time.build/Objects-normal/arm64/ActivityTracker.o -o /Users/by/Library/Developer/Xcode/DerivedData/Mac_Time-cdltvsksmtwtfigvfkfcuppbaldr/Build/Intermediates.noindex/Mac\ Time.build/Release/Mac\ Time.build/Objects-normal/arm64/NSImage+AverageColor.o -o /Users/by/Library/Developer/Xcode/DerivedData/Mac_Time-cdltvsksmtwtfigvfkfcuppbaldr/Build/Intermediates.noindex/Mac\ Time.build/Release/Mac\ Time.build/Objects-normal/arm64/SessionStore.o -o /Users/by/Library/Developer/Xcode/DerivedData/Mac_Time-cdltvsksmtwtfigvfkfcuppbaldr/Build/Intermediates.noindex/Mac\ Time.build/Release/Mac\ Time.build/Objects-normal/arm64/GeneratedAssetSymbols.o -o /Users/by/Library/Developer/Xcode/DerivedData/Mac_Time-cdltvsksmtwtfigvfkfcuppbaldr/Build/Intermediates.noindex/Mac\ Time.build/Release/Mac\ Time.build/Objects-normal/arm64/GeneratedStringSymbols_Localizable.o -index-unit-output-path /Mac\ Time.build/Release/Mac\ Time.build/Objects-normal/arm64/TimelineViewModel.o -index-unit-output-path /Mac\ Time.build/Release/Mac\ Time.build/Objects-normal/arm64/Date+Utils.o -index-unit-output-path /Mac\ Time.build/Release/Mac\ Time.build/Objects-normal/arm64/ContentView.o -index-unit-output-path /Mac\ Time.build/Release/Mac\ Time.build/Objects-normal/arm64/Localization.o -index-unit-output-path /Mac\ Time.build/Release/Mac\ Time.build/Objects-normal/arm64/Mac_TimeApp.o -index-unit-output-path /Mac\ Time.build/Release/Mac\ Time.build/Objects-normal/arm64/PomodoroController.o -index-unit-output-path /Mac\ Time.build/Release/Mac\ Time.build/Objects-normal/arm64/PomodoroEngine.o -index-unit-output-path /Mac\ Time.build/Release/Mac\ Time.build/Objects-normal/arm64/PomodoroModels.o -index-unit-output-path /Mac\ Time.build/Release/Mac\ Time.build/Objects-normal/arm64/PomodoroNotificationService.o -index-unit-output-path /Mac\ Time.build/Release/Mac\ Time.build/Objects-normal/arm64/PomodoroSettingsStore.o -index-unit-output-path /Mac\ Time.build/Release/Mac\ Time.build/Objects-normal/arm64/PomodoroSettingsView.o -index-unit-output-path /Mac\ Time.build/Release/Mac\ Time.build/Objects-normal/arm64/SessionEditView.o -index-unit-output-path /Mac\ Time.build/Release/Mac\ Time.build/Objects-normal/arm64/SessionListView.o -index-unit-output-path /Mac\ Time.build/Release/Mac\ Time.build/Objects-normal/arm64/UsageStatsView.o -index-unit-output-path /Mac\ Time.build/Release/Mac\ Time.build/Objects-normal/arm64/Color+Hex.o -index-unit-output-path /Mac\ Time.build/Release/Mac\ Time.build/Objects-normal/arm64/Session.o -index-unit-output-path /Mac\ Time.build/Release/Mac\ Time.build/Objects-normal/arm64/ActivityTracker.o -index-unit-output-path /Mac\ Time.build/Release/Mac\ Time.build/Objects-normal/arm64/NSImage+AverageColor.o -index-unit-output-path /Mac\ Time.build/Release/Mac\ Time.build/Objects-normal/arm64/SessionStore.o -index-unit-output-path /Mac\ Time.build/Release/Mac\ Time.build/Objects-normal/arm64/GeneratedAssetSymbols.o -index-unit-output-path /Mac\ Time.build/Release/Mac\ Time.build/Objects-normal/arm64/GeneratedStringSymbols_Localizable.o
** BUILD FAILED **


The following build commands failed:
	CompileSwift normal arm64 (in target 'Mac Time' from project 'Mac Time')
	SwiftCompile normal arm64 Compiling\ TimelineViewModel.swift,\ Date+Utils.swift,\ ContentView.swift,\ Localization.swift,\ Mac_TimeApp.swift,\ PomodoroController.swift,\ PomodoroEngine.swift,\ PomodoroModels.swift,\ PomodoroNotificationService.swift,\ PomodoroSettingsStore.swift,\ PomodoroSettingsView.swift,\ SessionEditView.swift,\ SessionListView.swift,\ UsageStatsView.swift,\ Color+Hex.swift,\ Session.swift,\ ActivityTracker.swift,\ NSImage+AverageColor.swift,\ SessionStore.swift,\ GeneratedAssetSymbols.swift,\ GeneratedStringSymbols_Localizable.swift /Users/by/Dev/macos/Mac\ Time/ViewModels/TimelineViewModel.swift /Users/by/Dev/macos/Mac\ Time/Utilities/Date+Utils.swift /Users/by/Dev/macos/Mac\ Time/Mac\ Time/ContentView.swift /Users/by/Dev/macos/Mac\ Time/Mac\ Time/Localization.swift /Users/by/Dev/macos/Mac\ Time/Mac\ Time/Mac_TimeApp.swift /Users/by/Dev/macos/Mac\ Time/Mac\ Time/PomodoroController.swift /Users/by/Dev/macos/Mac\ Time/Mac\ Time/PomodoroEngine.swift /Users/by/Dev/macos/Mac\ Time/Mac\ Time/PomodoroModels.swift /Users/by/Dev/macos/Mac\ Time/Mac\ Time/PomodoroNotificationService.swift /Users/by/Dev/macos/Mac\ Time/Mac\ Time/PomodoroSettingsStore.swift /Users/by/Dev/macos/Mac\ Time/Mac\ Time/PomodoroSettingsView.swift /Users/by/Dev/macos/Mac\ Time/Mac\ Time/SessionEditView.swift /Users/by/Dev/macos/Mac\ Time/Mac\ Time/SessionListView.swift /Users/by/Dev/macos/Mac\ Time/Mac\ Time/UsageStatsView.swift /Users/by/Dev/macos/Mac\ Time/Utilities/Color+Hex.swift /Users/by/Dev/macos/Mac\ Time/Models/Session.swift /Users/by/Dev/macos/Mac\ Time/Services/ActivityTracker.swift /Users/by/Dev/macos/Mac\ Time/Utilities/NSImage+AverageColor.swift /Users/by/Dev/macos/Mac\ Time/Services/SessionStore.swift /Users/by/Library/Developer/Xcode/DerivedData/Mac_Time-cdltvsksmtwtfigvfkfcuppbaldr/Build/Intermediates.noindex/Mac\ Time.build/Release/Mac\ Time.build/DerivedSources/GeneratedAssetSymbols.swift /Users/by/Library/Developer/Xcode/DerivedData/Mac_Time-cdltvsksmtwtfigvfkfcuppbaldr/Build/Intermediates.noindex/Mac\ Time.build/Release/Mac\ Time.build/DerivedSources/GeneratedStringSymbols_Localizable.swift /Applications/Xcode.app/Contents/Developer/Toolchains/XcodeDefault.xctoolchain/usr/lib/swift/macosx/prebuilt-modules/26.0/Swift.swiftmodule/arm64e-apple-macos.swiftmodule /Applications/Xcode.app/Contents/Developer/Toolchains/XcodeDefault.xctoolchain/usr/lib/swift/macosx/prebuilt-modules/26.0/_DarwinFoundation3.swiftmodule/arm64e-apple-macos.swiftmodule /Applications/Xcode.app/Contents/Developer/Toolchains/XcodeDefault.xctoolchain/usr/lib/swift/macosx/prebuilt-modules/26.0/CoreGraphics.swiftmodule/arm64e-apple-macos.swiftmodule /Applications/Xcode.app/Contents/Developer/Toolchains/XcodeDefault.xctoolchain/usr/lib/swift/macosx/prebuilt-modules/26.0/DataDetection.swiftmodule/arm64e-apple-macos.swiftmodule /Applications/Xcode.app/Contents/Developer/Toolchains/XcodeDefault.xctoolchain/usr/lib/swift/macosx/prebuilt-modules/26.0/Spatial.swiftmodule/arm64e-apple-macos.swiftmodule /Applications/Xcode.app/Contents/Developer/Toolchains/XcodeDefault.xctoolchain/usr/lib/swift/macosx/prebuilt-modules/26.0/QuartzCore.swiftmodule/arm64e-apple-macos.swiftmodule /Applications/Xcode.app/Contents/Developer/Toolchains/XcodeDefault.xctoolchain/usr/lib/swift/macosx/prebuilt-modules/26.0/System.swiftmodule/arm64e-apple-macos.swiftmodule /Applications/Xcode.app/Contents/Developer/Toolchains/XcodeDefault.xctoolchain/usr/lib/swift/macosx/prebuilt-modules/26.0/os.swiftmodule/arm64e-apple-macos.swiftmodule /Applications/Xcode.app/Contents/Developer/Toolchains/XcodeDefault.xctoolchain/usr/lib/swift/macosx/prebuilt-modules/26.0/SwiftUI.swiftmodule/arm64e-apple-macos.swiftmodule /Applications/Xcode.app/Contents/Developer/Toolchains/XcodeDefault.xctoolchain/usr/lib/swift/macosx/prebuilt-modules/26.0/AppKit.swiftmodule/arm64e-apple-macos.swiftmodule /Applications/Xcode.app/Contents/Developer/Toolchains/XcodeDefault.xctoolchain/usr/lib/swift/macosx/prebuilt-modules/26.0/_Builtin_float.swiftmodule/arm64e-apple-macos.swiftmodule /Applications/Xcode.app/Contents/Developer/Toolchains/XcodeDefault.xctoolchain/usr/lib/swift/macosx/prebuilt-modules/26.0/CoreData.swiftmodule/arm64e-apple-macos.swiftmodule /Applications/Xcode.app/Contents/Developer/Toolchains/XcodeDefault.xctoolchain/usr/lib/swift/macosx/prebuilt-modules/26.0/_StringProcessing.swiftmodule/arm64e-apple-macos.swiftmodule /Applications/Xcode.app/Contents/Developer/Toolchains/XcodeDefault.xctoolchain/usr/lib/swift/macosx/prebuilt-modules/26.0/Darwin.swiftmodule/arm64e-apple-macos.swiftmodule /Applications/Xcode.app/Contents/Developer/Toolchains/XcodeDefault.xctoolchain/usr/lib/swift/macosx/prebuilt-modules/26.0/SwiftUICore.swiftmodule/arm64e-apple-macos.swiftmodule /Applications/Xcode.app/Contents/Developer/Toolchains/XcodeDefault.xctoolchain/usr/lib/swift/macosx/prebuilt-modules/26.0/OSLog.swiftmodule/arm64e-apple-macos.swiftmodule /Applications/Xcode.app/Contents/Developer/Toolchains/XcodeDefault.xctoolchain/usr/lib/swift/macosx/prebuilt-modules/26.0/CoreTransferable.swiftmodule/arm64e-apple-macos.swiftmodule /Users/by/Library/Developer/Xcode/DerivedData/Mac_Time-cdltvsksmtwtfigvfkfcuppbaldr/Build/Products/Release/SQLite.swiftmodule/arm64-apple-macos.swiftmodule /Applications/Xcode.app/Contents/Developer/Toolchains/XcodeDefault.xctoolchain/usr/lib/swift/macosx/prebuilt-modules/26.0/Combine.swiftmodule/arm64e-apple-macos.swiftmodule /Applications/Xcode.app/Contents/Developer/Toolchains/XcodeDefault.xctoolchain/usr/lib/swift/macosx/prebuilt-modules/26.0/Accessibility.swiftmodule/arm64e-apple-macos.swiftmodule /Applications/Xcode.app/Contents/Developer/Toolchains/XcodeDefault.xctoolchain/usr/lib/swift/macosx/prebuilt-modules/26.0/Observation.swiftmodule/arm64e-apple-macos.swiftmodule /Applications/Xcode.app/Contents/Developer/Toolchains/XcodeDefault.xctoolchain/usr/lib/swift/macosx/prebuilt-modules/26.0/Metal.swiftmodule/arm64e-apple-macos.swiftmodule /Applications/Xcode.app/Contents/Developer/Toolchains/XcodeDefault.xctoolchain/usr/lib/swift/macosx/prebuilt-modules/26.0/IOKit.swiftmodule/arm64e-apple-macos.swiftmodule /Applications/Xcode.app/Contents/Developer/Toolchains/XcodeDefault.xctoolchain/usr/lib/swift/macosx/prebuilt-modules/26.0/Foundation.swiftmodule/arm64e-apple-macos.swiftmodule /Applications/Xcode.app/Contents/Developer/Toolchains/XcodeDefault.xctoolchain/usr/lib/swift/macosx/prebuilt-modules/26.0/ObjectiveC.swiftmodule/arm64e-apple-macos.swiftmodule /Applications/Xcode.app/Contents/Developer/Toolchains/XcodeDefault.xctoolchain/usr/lib/swift/macosx/prebuilt-modules/26.0/Symbols.swiftmodule/arm64e-apple-macos.swiftmodule /Applications/Xcode.app/Contents/Developer/Toolchains/XcodeDefault.xctoolchain/usr/lib/swift/macosx/prebuilt-modules/26.0/DeveloperToolsSupport.swiftmodule/arm64e-apple-macos.swiftmodule /Applications/Xcode.app/Contents/Developer/Toolchains/XcodeDefault.xctoolchain/usr/lib/swift/macosx/prebuilt-modules/26.0/_Concurrency.swiftmodule/arm64e-apple-macos.swiftmodule /Applications/Xcode.app/Contents/Developer/Toolchains/XcodeDefault.xctoolchain/usr/lib/swift/macosx/prebuilt-modules/26.0/Dispatch.swiftmodule/arm64e-apple-macos.swiftmodule /Applications/Xcode.app/Contents/Developer/Toolchains/XcodeDefault.xctoolchain/usr/lib/swift/macosx/prebuilt-modules/26.0/UniformTypeIdentifiers.swiftmodule/arm64e-apple-macos.swiftmodule /Applications/Xcode.app/Contents/Developer/Toolchains/XcodeDefault.xctoolchain/usr/lib/swift/macosx/prebuilt-modules/26.0/CoreFoundation.swiftmodule/arm64e-apple-macos.swiftmodule /Applications/Xcode.app/Contents/Developer/Toolchains/XcodeDefault.xctoolchain/usr/lib/swift/macosx/prebuilt-modules/26.0/CoreText.swiftmodule/arm64e-apple-macos.swiftmodule /Applications/Xcode.app/Contents/Developer/Toolchains/XcodeDefault.xctoolchain/usr/lib/swift/macosx/prebuilt-modules/26.0/XPC.swiftmodule/arm64e-apple-macos.swiftmodule /Applications/Xcode.app/Contents/Developer/Toolchains/XcodeDefault.xctoolchain/usr/lib/swift/macosx/prebuilt-modules/26.0/_DarwinFoundation2.swiftmodule/arm64e-apple-macos.swiftmodule /Applications/Xcode.app/Contents/Developer/Toolchains/XcodeDefault.xctoolchain/usr/lib/swift/macosx/prebuilt-modules/26.0/simd.swiftmodule/arm64e-apple-macos.swiftmodule /Applications/Xcode.app/Contents/Developer/Toolchains/XcodeDefault.xctoolchain/usr/lib/swift/macosx/prebuilt-modules/26.0/CoreImage.swiftmodule/arm64e-apple-macos.swiftmodule /Applications/Xcode.app/Contents/Developer/Toolchains/XcodeDefault.xctoolchain/usr/lib/swift/macosx/prebuilt-modules/26.0/CoreVideo.swiftmodule/arm64e-apple-macos.swiftmodule /Applications/Xcode.app/Contents/Developer/Toolchains/XcodeDefault.xctoolchain/usr/lib/swift/macosx/prebuilt-modules/26.0/_DarwinFoundation1.swiftmodule/arm64e-apple-macos.swiftmodule /Users/by/Library/Developer/Xcode/DerivedData/ModuleCache.noindex/_Builtin_limits-8HXXDWIDXPZ5Y1DHDLHP93P9D.pcm /Users/by/Library/Developer/Xcode/DerivedData/ModuleCache.noindex/CFNetwork-D90OU08FSHEEMU352SYTFNM5H.pcm /Users/by/Library/Developer/Xcode/DerivedData/ModuleCache.noindex/ptrcheck-255UTLESNX6OYJH5EE6UI7A8W.pcm /Users/by/Library/Developer/Xcode/DerivedData/ModuleCache.noindex/_AvailabilityInternal-5CDWK0XKOAR48G6Z2FAJRJM6F.pcm /Users/by/Library/Developer/Xcode/DerivedData/ModuleCache.noindex/IOKit-1X29UZZ1PBPR4YCJ43NDVGRLF.pcm /Users/by/Library/Developer/Xcode/DerivedData/ModuleCache.noindex/ImageIO-DBKPWG72JWIGFDJH8JDF8SWE0.pcm /Users/by/Library/Developer/Xcode/DerivedData/ModuleCache.noindex/Metal-ESQ1NKNYT2UHMMTQXI2SI5HAT.pcm /Users/by/Library/Developer/Xcode/DerivedData/ModuleCache.noindex/CUPS-5GECB3NJEV2XA9MA94VN3AAEN.pcm /Users/by/Library/Developer/Xcode/DerivedData/ModuleCache.noindex/DeveloperToolsSupport-2K9FUX5UO1LJ1OULN194EL01T.pcm /Users/by/Library/Developer/Xcode/DerivedData/ModuleCache.noindex/simd-AS3BQO9DKU01AZ6IRGL4MEQ17.pcm /Users/by/Library/Developer/Xcode/DerivedData/ModuleCache.noindex/Darwin-72KI70JALVF3GRB87U9TS9Y5V.pcm /Users/by/Library/Developer/Xcode/DerivedData/ModuleCache.noindex/QuartzCore-6HYLPG8N113W4V76NYCFGNVXE.pcm /Users/by/Library/Developer/Xcode/DerivedData/ModuleCache.noindex/UserNotifications-EKK4A9YPI1LB8DSZPHD6VG1W5.pcm /Users/by/Library/Developer/Xcode/DerivedData/ModuleCache.noindex/Accessibility-83JJZWONNPRQKBTU2B9YQOYK.pcm /Users/by/Library/Developer/Xcode/DerivedData/ModuleCache.noindex/os_object-BZQYHZFJDUP48X7A70IMRAT9G.pcm /Users/by/Library/Developer/Xcode/DerivedData/ModuleCache.noindex/SwiftUI-ODXK50HPIQ8JOSX2RU1ONAGE.pcm /Users/by/Library/Developer/Xcode/DerivedData/ModuleCache.noindex/UniformTypeIdentifiers-99BEGMYIZXLCHIN1Z3LN6ADMZ.pcm /Users/by/Library/Developer/Xcode/DerivedData/ModuleCache.noindex/ColorSync-90KDPS1LQRPLMQ0YGJ3ZUND5M.pcm /Users/by/Library/Developer/Xcode/DerivedData/ModuleCache.noindex/CoreVideo-B4CLSLWJ33RO3MWTCVMAOM84S.pcm /Users/by/Library/Developer/Xcode/DerivedData/ModuleCache.noindex/Security-997TC43F4FBHN3O9NPQU40DKY.pcm /Users/by/Library/Developer/Xcode/DerivedData/ModuleCache.noindex/CoreData-3Y4OTQM14KPM6PVE6BGNJAMC.pcm /Users/by/Library/Developer/Xcode/DerivedData/ModuleCache.noindex/_SwiftConcurrencyShims-AR2F8H5ZTG1RSBW1043WJD3Z8.pcm /Users/by/Library/Developer/Xcode/DerivedData/ModuleCache.noindex/MachO-68GYJZNAKJ0UN07FWIA2JP79D.pcm /Users/by/Library/Developer/Xcode/DerivedData/ModuleCache.noindex/Dispatch-86JRPPR5OCB3WZMSPYSQNC4JT.pcm /Users/by/Library/Developer/Xcode/DerivedData/ModuleCache.noindex/sys_types-18AJGNOH0Y858SOK1KE6V7HI7.pcm /Users/by/Library/Developer/Xcode/DerivedData/ModuleCache.noindex/IOSurface-7T79VJGZIQT145D8C085GSWET.pcm /Users/by/Library/Developer/Xcode/DerivedData/ModuleCache.noindex/libDER-66UXBPOUHQPUSK0RHRZG1BJ5I.pcm /Users/by/Library/Developer/Xcode/DerivedData/ModuleCache.noindex/CoreImage-CNIC7O3WTPLRE717IA5ACQHJA.pcm /Users/by/Library/Developer/Xcode/DerivedData/ModuleCache.noindex/Spatial-ESFMB1916K7TB7WTF6F17A3ST.pcm /Users/by/Library/Developer/Xcode/DerivedData/ModuleCache.noindex/_Builtin_float-5HHP5WX5R400RCQYTAAKNQEO6.pcm /Users/by/Library/Developer/Xcode/DerivedData/ModuleCache.noindex/_Builtin_stdatomic-9PT6XIS1OBCI6CM7P5GGIRVKX.pcm /Users/by/Library/Developer/Xcode/DerivedData/ModuleCache.noindex/OpenGL-A6HYJBRHAULOQILD0SZWY6DDF.pcm /Users/by/Library/Developer/Xcode/DerivedData/ModuleCache.noindex/CoreTransferable-6G4GKNO2H3CS38ADA1XRAJ62I.pcm /Users/by/Library/Developer/Xcode/DerivedData/ModuleCache.noindex/CoreFoundation-2FLYMHFAU7OYSUAZDWQFFWV7T.pcm /Users/by/Library/Developer/Xcode/DerivedData/ModuleCache.noindex/libkern-6UCUGNJ4ERHQS35RUCDXA0S3O.pcm /Users/by/Library/Developer/Xcode/DerivedData/ModuleCache.noindex/_Builtin_intrinsics-3END7FZ7G1X9R572XAE626SSX.pcm /Users/by/Library/Developer/Xcode/DerivedData/ModuleCache.noindex/_Builtin_tgmath-CMZARPS3QFALYQ6ABGHIDBFT9.pcm /Users/by/Library/Developer/Xcode/DerivedData/ModuleCache.noindex/_Builtin_inttypes-DM32N6MCH372MTIWDOCYT58V3.pcm /Users/by/Library/Developer/Xcode/DerivedData/ModuleCache.noindex/XPC-E3PH7AB2PLYP61YKVTXHC8CL1.pcm /Users/by/Library/Developer/Xcode/DerivedData/ModuleCache.noindex/CoreServices-ELO8U5INBV1AJDMA5EQCIPEK0.pcm /Users/by/Library/Developer/Xcode/DerivedData/ModuleCache.noindex/Symbols-7H74FAAZ7TO81LGHUF2V1A4CK.pcm /Users/by/Library/Developer/Xcode/DerivedData/ModuleCache.noindex/launch-F4ZH7E43BZS9R730VUEPVX8SC.pcm /Users/by/Library/Developer/Xcode/DerivedData/ModuleCache.noindex/SwiftUICore-8C4VUUR5936DDZKFUCTVGYXLL.pcm /Users/by/Library/Developer/Xcode/DerivedData/ModuleCache.noindex/_DarwinFoundation3-7NW811NBZF5W5YEXLOITLRY5W.pcm /Users/by/Library/Developer/Xcode/DerivedData/ModuleCache.noindex/DataDetection-CI058LAJPW6GHLLD4CGH8DIUV.pcm /Users/by/Library/Developer/Xcode/DerivedData/ModuleCache.noindex/DiskArbitration-7MJ6YPPYUNYXO4658AG0P9J10.pcm /Users/by/Library/Developer/Xcode/DerivedData/ModuleCache.noindex/_Builtin_stddef-ASFKAV75SF9HRMEKGGUO0BUST.pcm /Users/by/Library/Developer/Xcode/DerivedData/ModuleCache.noindex/_DarwinFoundation1-5M70299CJYQDV7RFM5D1ZRGB2.pcm /Users/by/Library/Developer/Xcode/DerivedData/ModuleCache.noindex/_Builtin_stdarg-58RKJEDG8AMGJBY7X3NQFNZRH.pcm /Users/by/Library/Developer/Xcode/DerivedData/ModuleCache.noindex/SQLite3-1JWE4SVVO4IVJDRA0HBFIYT1X.pcm /Users/by/Library/Developer/Xcode/DerivedData/ModuleCache.noindex/OSLog-874IIZ56DWGAM8SZP9EMMVUJ1.pcm /Users/by/Library/Developer/Xcode/DerivedData/ModuleCache.noindex/_Builtin_stdint-1N0JC2RNPD1JTICL7HKHV98K5.pcm /Users/by/Library/Developer/Xcode/DerivedData/ModuleCache.noindex/CoreGraphics-4NO7LIMRI8HZ10Z2ASBW0YTQY.pcm /Users/by/Library/Developer/Xcode/DerivedData/ModuleCache.noindex/_Builtin_stdbool-1IPBX1DYGLQNK7VAC085ZD4FI.pcm /Users/by/Library/Developer/Xcode/DerivedData/ModuleCache.noindex/SwiftShims-5FPML2S49HR93ETHIZ4NAAJEA.pcm /Users/by/Library/Developer/Xcode/DerivedData/ModuleCache.noindex/ApplicationServices-A0Y9E04Z46HWX1C3R4AIDQKC7.pcm /Users/by/Library/Developer/Xcode/DerivedData/ModuleCache.noindex/ptrauth-AYC5MLVWXDVGWORH2A1UFUKRY.pcm /Users/by/Library/Developer/Xcode/DerivedData/ModuleCache.noindex/ObjectiveC-3DFH576XJ56DLOTCH5TMWPFP9.pcm /Users/by/Library/Developer/Xcode/DerivedData/ModuleCache.noindex/Foundation-7Y95WB6RLSI9H41PSYQYNDMAV.pcm /Users/by/Library/Developer/Xcode/DerivedData/ModuleCache.noindex/AppKit-7GE73XMZE04UKX69BKY6YAZWN.pcm /Users/by/Library/Developer/Xcode/DerivedData/ModuleCache.noindex/os_workgroup-6N3RH36MGQ9WF0WUXNZ5965E2.pcm /Users/by/Library/Developer/Xcode/DerivedData/ModuleCache.noindex/_DarwinFoundation2-D2KG4CBVHGR46YUJDK2478KSS.pcm /Users/by/Library/Developer/Xcode/DerivedData/ModuleCache.noindex/os-470MTD4G7AM3BTZPTBZ0VOTW0.pcm /Users/by/Library/Developer/Xcode/DerivedData/ModuleCache.noindex/CoreText-9DLCQ5TB6D7R7TDIXOS8O0VXS.pcm /Users/by/Library/Developer/Xcode/DerivedData/Mac_Time-cdltvsksmtwtfigvfkfcuppbaldr/Build/Intermediates.noindex/Mac\ Time.build/Release/Mac\ Time.build/Objects-normal/arm64/Mac_Time-dependencies-1.json (in target 'Mac Time' from project 'Mac Time')
	Building project Mac Time with scheme Mac Time and configuration Release
(3 failures)
